#! /foss/tools/iverilog/bin/vvp
:ivl_version "14.0 (devel)" "(s20260301-328-geda9fdcd-dirty)";
:ivl_delay_selection "TYPICAL";
:vpi_time_precision - 11;
:vpi_module "/foss/tools/iverilog/lib/ivl/system.vpi";
:vpi_module "/foss/tools/iverilog/lib/ivl/vhdl_sys.vpi";
:vpi_module "/foss/tools/iverilog/lib/ivl/vhdl_textio.vpi";
:vpi_module "/foss/tools/iverilog/lib/ivl/v2005_math.vpi";
:vpi_module "/foss/tools/iverilog/lib/ivl/va_math.vpi";
S_0x644a8bccca60 .scope module, "Encoder_tb" "Encoder_tb" 2 2;
 .timescale -9 -11;
v0x644a8bce7340_0 .var "Comp_tb", 6 0;
v0x644a8bce7420_0 .net "Dout_tb", 2 0, v0x644a8bce6d90_0;  1 drivers
v0x644a8bce74f0_0 .var "Samp_tb", 0 0;
v0x644a8bce75f0_0 .var "clk_tb", 0 0;
v0x644a8bce76c0_0 .net "eoc_tb", 0 0, v0x644a8bce7020_0;  1 drivers
S_0x644a8bcccbf0 .scope module, "uut" "Encoder" 2 13, 3 1 0, S_0x644a8bccca60;
 .timescale 0 0;
    .port_info 0 /INOUT 1 "vdd";
    .port_info 1 /INOUT 1 "vss";
    .port_info 2 /INPUT 7 "Comp";
    .port_info 3 /INPUT 1 "Samp";
    .port_info 4 /INPUT 1 "clk";
    .port_info 5 /OUTPUT 3 "Dout";
    .port_info 6 /OUTPUT 1 "eoc";
v0x644a8bc8f4e0_0 .var "Bx", 2 0;
v0x644a8bce6cb0_0 .net "Comp", 6 0, v0x644a8bce7340_0;  1 drivers
v0x644a8bce6d90_0 .var "Dout", 2 0;
v0x644a8bce6e50_0 .net "Samp", 0 0, v0x644a8bce74f0_0;  1 drivers
v0x644a8bce6f10_0 .net "clk", 0 0, v0x644a8bce75f0_0;  1 drivers
v0x644a8bce7020_0 .var "eoc", 0 0;
o0x70e6eeadf138 .functor BUFZ 1, c4<z>; HiZ drive
v0x644a8bce70e0_0 .net "vdd", 0 0, o0x70e6eeadf138;  0 drivers
o0x70e6eeadf168 .functor BUFZ 1, c4<z>; HiZ drive
v0x644a8bce71a0_0 .net "vss", 0 0, o0x70e6eeadf168;  0 drivers
E_0x644a8bc8f9b0 .event posedge, v0x644a8bce6f10_0;
E_0x644a8bc8fc50 .event anyedge, v0x644a8bce6cb0_0;
    .scope S_0x644a8bcccbf0;
T_0 ;
    %wait E_0x644a8bc8fc50;
    %load/vec4 v0x644a8bce6cb0_0;
    %dup/vec4;
    %pushi/vec4 0, 0, 7;
    %cmp/e;
    %jmp/1 T_0.0, 6;
    %dup/vec4;
    %pushi/vec4 1, 0, 7;
    %cmp/e;
    %jmp/1 T_0.1, 6;
    %dup/vec4;
    %pushi/vec4 3, 0, 7;
    %cmp/e;
    %jmp/1 T_0.2, 6;
    %dup/vec4;
    %pushi/vec4 7, 0, 7;
    %cmp/e;
    %jmp/1 T_0.3, 6;
    %dup/vec4;
    %pushi/vec4 15, 0, 7;
    %cmp/e;
    %jmp/1 T_0.4, 6;
    %dup/vec4;
    %pushi/vec4 31, 0, 7;
    %cmp/e;
    %jmp/1 T_0.5, 6;
    %dup/vec4;
    %pushi/vec4 63, 0, 7;
    %cmp/e;
    %jmp/1 T_0.6, 6;
    %dup/vec4;
    %pushi/vec4 127, 0, 7;
    %cmp/e;
    %jmp/1 T_0.7, 6;
    %pushi/vec4 0, 0, 3;
    %store/vec4 v0x644a8bc8f4e0_0, 0, 3;
    %jmp T_0.9;
T_0.0 ;
    %pushi/vec4 0, 0, 3;
    %store/vec4 v0x644a8bc8f4e0_0, 0, 3;
    %jmp T_0.9;
T_0.1 ;
    %pushi/vec4 1, 0, 3;
    %store/vec4 v0x644a8bc8f4e0_0, 0, 3;
    %jmp T_0.9;
T_0.2 ;
    %pushi/vec4 2, 0, 3;
    %store/vec4 v0x644a8bc8f4e0_0, 0, 3;
    %jmp T_0.9;
T_0.3 ;
    %pushi/vec4 3, 0, 3;
    %store/vec4 v0x644a8bc8f4e0_0, 0, 3;
    %jmp T_0.9;
T_0.4 ;
    %pushi/vec4 4, 0, 3;
    %store/vec4 v0x644a8bc8f4e0_0, 0, 3;
    %jmp T_0.9;
T_0.5 ;
    %pushi/vec4 5, 0, 3;
    %store/vec4 v0x644a8bc8f4e0_0, 0, 3;
    %jmp T_0.9;
T_0.6 ;
    %pushi/vec4 6, 0, 3;
    %store/vec4 v0x644a8bc8f4e0_0, 0, 3;
    %jmp T_0.9;
T_0.7 ;
    %pushi/vec4 7, 0, 3;
    %store/vec4 v0x644a8bc8f4e0_0, 0, 3;
    %jmp T_0.9;
T_0.9 ;
    %pop/vec4 1;
    %jmp T_0;
    .thread T_0, $push;
    .scope S_0x644a8bcccbf0;
T_1 ;
    %wait E_0x644a8bc8f9b0;
    %load/vec4 v0x644a8bce6e50_0;
    %cmpi/e 1, 0, 1;
    %jmp/0xz  T_1.0, 4;
    %pushi/vec4 0, 0, 3;
    %assign/vec4 v0x644a8bce6d90_0, 0;
    %pushi/vec4 0, 0, 1;
    %assign/vec4 v0x644a8bce7020_0, 0;
    %jmp T_1.1;
T_1.0 ;
    %load/vec4 v0x644a8bce6e50_0;
    %cmpi/e 0, 0, 1;
    %jmp/0xz  T_1.2, 4;
    %load/vec4 v0x644a8bc8f4e0_0;
    %assign/vec4 v0x644a8bce6d90_0, 0;
    %pushi/vec4 1, 0, 1;
    %assign/vec4 v0x644a8bce7020_0, 0;
T_1.2 ;
T_1.1 ;
    %jmp T_1;
    .thread T_1;
    .scope S_0x644a8bccca60;
T_2 ;
    %pushi/vec4 0, 0, 1;
    %store/vec4 v0x644a8bce75f0_0, 0, 1;
    %end;
    .thread T_2;
    .scope S_0x644a8bccca60;
T_3 ;
    %delay 500, 0;
    %load/vec4 v0x644a8bce75f0_0;
    %inv;
    %store/vec4 v0x644a8bce75f0_0, 0, 1;
    %jmp T_3;
    .thread T_3;
    .scope S_0x644a8bccca60;
T_4 ;
    %vpi_call 2 27 "$dumpfile", "Waveforms.vcd" {0 0 0};
    %vpi_call 2 28 "$dumpvars", 32'sb00000000000000000000000000000000, S_0x644a8bccca60 {0 0 0};
    %delay 1000, 0;
    %pushi/vec4 0, 0, 1;
    %store/vec4 v0x644a8bce74f0_0, 0, 1;
    %pushi/vec4 0, 0, 7;
    %store/vec4 v0x644a8bce7340_0, 0, 7;
    %delay 1000, 0;
    %pushi/vec4 0, 0, 1;
    %store/vec4 v0x644a8bce74f0_0, 0, 1;
    %pushi/vec4 1, 0, 7;
    %store/vec4 v0x644a8bce7340_0, 0, 7;
    %delay 1000, 0;
    %pushi/vec4 0, 0, 1;
    %store/vec4 v0x644a8bce74f0_0, 0, 1;
    %pushi/vec4 3, 0, 7;
    %store/vec4 v0x644a8bce7340_0, 0, 7;
    %delay 1000, 0;
    %pushi/vec4 0, 0, 1;
    %store/vec4 v0x644a8bce74f0_0, 0, 1;
    %pushi/vec4 7, 0, 7;
    %store/vec4 v0x644a8bce7340_0, 0, 7;
    %delay 1000, 0;
    %pushi/vec4 0, 0, 1;
    %store/vec4 v0x644a8bce74f0_0, 0, 1;
    %pushi/vec4 15, 0, 7;
    %store/vec4 v0x644a8bce7340_0, 0, 7;
    %delay 1000, 0;
    %pushi/vec4 0, 0, 1;
    %store/vec4 v0x644a8bce74f0_0, 0, 1;
    %pushi/vec4 31, 0, 7;
    %store/vec4 v0x644a8bce7340_0, 0, 7;
    %delay 1000, 0;
    %pushi/vec4 0, 0, 1;
    %store/vec4 v0x644a8bce74f0_0, 0, 1;
    %pushi/vec4 63, 0, 7;
    %store/vec4 v0x644a8bce7340_0, 0, 7;
    %delay 1000, 0;
    %pushi/vec4 0, 0, 1;
    %store/vec4 v0x644a8bce74f0_0, 0, 1;
    %pushi/vec4 127, 0, 7;
    %store/vec4 v0x644a8bce7340_0, 0, 7;
    %delay 1000, 0;
    %pushi/vec4 0, 0, 1;
    %store/vec4 v0x644a8bce74f0_0, 0, 1;
    %pushi/vec4 125, 0, 7;
    %store/vec4 v0x644a8bce7340_0, 0, 7;
    %delay 1000, 0;
    %pushi/vec4 0, 0, 1;
    %store/vec4 v0x644a8bce74f0_0, 0, 1;
    %pushi/vec4 113, 0, 7;
    %store/vec4 v0x644a8bce7340_0, 0, 7;
    %delay 1000, 0;
    %pushi/vec4 1, 0, 1;
    %store/vec4 v0x644a8bce74f0_0, 0, 1;
    %pushi/vec4 3, 0, 7;
    %store/vec4 v0x644a8bce7340_0, 0, 7;
    %delay 1000, 0;
    %pushi/vec4 0, 0, 1;
    %store/vec4 v0x644a8bce74f0_0, 0, 1;
    %pushi/vec4 3, 0, 7;
    %store/vec4 v0x644a8bce7340_0, 0, 7;
    %delay 1000, 0;
    %vpi_call 2 45 "$finish" {0 0 0};
    %end;
    .thread T_4;
    .scope S_0x644a8bccca60;
T_5 ;
    %vpi_call 2 50 "$monitor", "Time: %0t | Samp: %b | Comp: %b | Dout: %b | eoc: %b", $time, v0x644a8bce74f0_0, v0x644a8bce7340_0, v0x644a8bce7420_0, v0x644a8bce76c0_0 {0 0 0};
    %end;
    .thread T_5;
# The file index is used to find the file name in the following table.
:file_names 4;
    "N/A";
    "<interactive>";
    "Encoder_TB.v";
    "Encoder.v";
