#! /foss/tools/iverilog/bin/vvp
:ivl_version "14.0 (devel)" "(s20260301-328-geda9fdcd-dirty)";
:ivl_delay_selection "TYPICAL";
:vpi_time_precision - 12;
:vpi_module "/foss/tools/iverilog/lib/ivl/system.vpi";
:vpi_module "/foss/tools/iverilog/lib/ivl/vhdl_sys.vpi";
:vpi_module "/foss/tools/iverilog/lib/ivl/vhdl_textio.vpi";
:vpi_module "/foss/tools/iverilog/lib/ivl/v2005_math.vpi";
:vpi_module "/foss/tools/iverilog/lib/ivl/va_math.vpi";
S_0x64532d966b20 .scope module, "FIFO_tb" "FIFO_tb" 2 3;
 .timescale -9 -12;
v0x64532d9a4d70_0 .var "clk", 0 0;
v0x64532d9a4e30_0 .var "din", 7 0;
v0x64532d9a4ef0_0 .net "dout", 7 0, L_0x64532d96d470;  1 drivers
v0x64532d9a4f90_0 .net "empty", 0 0, L_0x64532d9a5d00;  1 drivers
v0x64532d9a5030_0 .net "full", 0 0, L_0x64532d962ef0;  1 drivers
v0x64532d9a5120_0 .var "rd_en", 0 0;
v0x64532d9a51c0_0 .var "rst", 0 0;
v0x64532d9a5260_0 .var "wr_en", 0 0;
E_0x64532d979d60 .event negedge, v0x64532d96d580_0;
S_0x64532d975f10 .scope module, "uut" "FIFO" 2 18, 3 4 0, S_0x64532d966b20;
 .timescale 0 0;
    .port_info 0 /INPUT 1 "wr_en";
    .port_info 1 /INPUT 8 "din";
    .port_info 2 /INPUT 1 "rd_en";
    .port_info 3 /INPUT 1 "clk";
    .port_info 4 /INPUT 1 "rst";
    .port_info 5 /OUTPUT 8 "dout";
    .port_info 6 /OUTPUT 1 "empty";
    .port_info 7 /OUTPUT 1 "full";
L_0x64532d96cab0 .functor AND 1, v0x64532d9a5260_0, L_0x64532d9a5330, C4<1>, C4<1>;
L_0x64532d983ca0 .functor XOR 1, L_0x64532d9a5f10, L_0x64532d9a5fb0, C4<0>, C4<0>;
L_0x64532d962ef0 .functor AND 1, L_0x64532d983ca0, L_0x64532d9a6220, C4<1>, C4<1>;
v0x64532d9a3d70_0 .net "Pcar", 4 0, L_0x64532d96d130;  1 drivers
v0x64532d9a3e50_0 .net "Psal", 4 0, L_0x64532d96cdf0;  1 drivers
v0x64532d9a3f20_0 .net *"_ivl_1", 0 0, L_0x64532d9a5330;  1 drivers
v0x64532d9a3ff0_0 .net *"_ivl_11", 0 0, L_0x64532d9a5f10;  1 drivers
v0x64532d9a40b0_0 .net *"_ivl_13", 0 0, L_0x64532d9a5fb0;  1 drivers
v0x64532d9a41e0_0 .net *"_ivl_14", 0 0, L_0x64532d983ca0;  1 drivers
v0x64532d9a42a0_0 .net *"_ivl_17", 3 0, L_0x64532d9a6090;  1 drivers
v0x64532d9a4380_0 .net *"_ivl_19", 3 0, L_0x64532d9a6130;  1 drivers
v0x64532d9a4460_0 .net *"_ivl_20", 0 0, L_0x64532d9a6220;  1 drivers
v0x64532d9a45b0_0 .net "clk", 0 0, v0x64532d9a4d70_0;  1 drivers
v0x64532d9a4650_0 .net "din", 7 0, v0x64532d9a4e30_0;  1 drivers
v0x64532d9a4710_0 .net "dout", 7 0, L_0x64532d96d470;  alias, 1 drivers
v0x64532d9a47e0_0 .net "empty", 0 0, L_0x64532d9a5d00;  alias, 1 drivers
v0x64532d9a4880_0 .net "full", 0 0, L_0x64532d962ef0;  alias, 1 drivers
v0x64532d9a4940_0 .net "rd_en", 0 0, v0x64532d9a5120_0;  1 drivers
v0x64532d9a49e0_0 .net "rst", 0 0, v0x64532d9a51c0_0;  1 drivers
v0x64532d9a4b10_0 .net "safe_wr_en", 0 0, L_0x64532d96cab0;  1 drivers
v0x64532d9a4bb0_0 .net "wr_en", 0 0, v0x64532d9a5260_0;  1 drivers
L_0x64532d9a5330 .reduce/nor L_0x64532d962ef0;
L_0x64532d9a5b70 .part L_0x64532d96d130, 0, 4;
L_0x64532d9a5c10 .part L_0x64532d96cdf0, 0, 4;
L_0x64532d9a5d00 .cmp/eq 5, L_0x64532d96d130, L_0x64532d96cdf0;
L_0x64532d9a5f10 .part L_0x64532d96d130, 4, 1;
L_0x64532d9a5fb0 .part L_0x64532d96cdf0, 4, 1;
L_0x64532d9a6090 .part L_0x64532d96d130, 0, 4;
L_0x64532d9a6130 .part L_0x64532d96cdf0, 0, 4;
L_0x64532d9a6220 .cmp/eq 4, L_0x64532d9a6090, L_0x64532d9a6130;
S_0x64532d9760f0 .scope module, "Circular" "RAM" 3 33, 3 52 0, S_0x64532d975f10;
 .timescale 0 0;
    .port_info 0 /INPUT 1 "clk";
    .port_info 1 /INPUT 1 "wr_en";
    .port_info 2 /INPUT 4 "wr_addr";
    .port_info 3 /INPUT 8 "din";
    .port_info 4 /INPUT 1 "rd_en";
    .port_info 5 /INPUT 4 "rd_addr";
    .port_info 6 /OUTPUT 8 "dout";
P_0x64532d967260 .param/l "ADDR_WIDTH" 0 3 54, +C4<00000000000000000000000000000100>;
P_0x64532d9672a0 .param/l "DATA_WIDTH" 0 3 53, +C4<00000000000000000000000000001000>;
L_0x64532d96d470 .functor BUFZ 8, L_0x64532d9a5920, C4<00000000>, C4<00000000>, C4<00000000>;
v0x64532d96cbc0_0 .net *"_ivl_0", 7 0, L_0x64532d9a5920;  1 drivers
v0x64532d96cf00_0 .net *"_ivl_2", 5 0, L_0x64532d9a59e0;  1 drivers
L_0x7dd34eb200a8 .functor BUFT 1, C4<00>, C4<0>, C4<0>, C4<0>;
v0x64532d96d240_0 .net *"_ivl_5", 1 0, L_0x7dd34eb200a8;  1 drivers
v0x64532d96d580_0 .net "clk", 0 0, v0x64532d9a4d70_0;  alias, 1 drivers
v0x64532d983df0_0 .net "din", 7 0, v0x64532d9a4e30_0;  alias, 1 drivers
v0x64532d963510_0 .net "dout", 7 0, L_0x64532d96d470;  alias, 1 drivers
v0x64532d964880 .array "ram", 15 0, 7 0;
v0x64532d9a1890_0 .net "rd_addr", 3 0, L_0x64532d9a5c10;  1 drivers
v0x64532d9a1970_0 .net "rd_en", 0 0, v0x64532d9a5120_0;  alias, 1 drivers
v0x64532d9a1a30_0 .net "wr_addr", 3 0, L_0x64532d9a5b70;  1 drivers
v0x64532d9a1b10_0 .net "wr_en", 0 0, L_0x64532d96cab0;  alias, 1 drivers
E_0x64532d978f20 .event posedge, v0x64532d96d580_0;
L_0x64532d9a5920 .array/port v0x64532d964880, L_0x64532d9a59e0;
L_0x64532d9a59e0 .concat [ 4 2 0 0], L_0x64532d9a5c10, L_0x7dd34eb200a8;
S_0x64532d9a1cb0 .scope module, "P_carga" "Contador" 3 26, 3 105 0, S_0x64532d975f10;
 .timescale 0 0;
    .port_info 0 /INPUT 1 "E";
    .port_info 1 /INPUT 1 "rst";
    .port_info 2 /INPUT 1 "clk";
    .port_info 3 /OUTPUT 5 "puntero";
L_0x64532d96d130 .functor BUFZ 5, v0x64532d9a2340_0, C4<00000>, C4<00000>, C4<00000>;
v0x64532d9a2650_0 .net "E", 0 0, L_0x64532d96cab0;  alias, 1 drivers
L_0x7dd34eb20060 .functor BUFT 1, C4<00001>, C4<0>, C4<0>, C4<0>;
v0x64532d9a2760_0 .net/2u *"_ivl_0", 4 0, L_0x7dd34eb20060;  1 drivers
v0x64532d9a2840_0 .net "clk", 0 0, v0x64532d9a4d70_0;  alias, 1 drivers
v0x64532d9a2930_0 .net "in", 4 0, L_0x64532d9a5700;  1 drivers
v0x64532d9a29d0_0 .net "out", 4 0, v0x64532d9a2340_0;  1 drivers
v0x64532d9a2ac0_0 .net "puntero", 4 0, L_0x64532d96d130;  alias, 1 drivers
v0x64532d9a2b80_0 .net "rst", 0 0, v0x64532d9a51c0_0;  alias, 1 drivers
L_0x64532d9a5700 .arith/sum 5, v0x64532d9a2340_0, L_0x7dd34eb20060;
S_0x64532d9a1ef0 .scope module, "FF_contador" "FFD" 3 117, 3 83 0, S_0x64532d9a1cb0;
 .timescale 0 0;
    .port_info 0 /INPUT 5 "D";
    .port_info 1 /OUTPUT 5 "Q";
    .port_info 2 /INPUT 1 "E";
    .port_info 3 /INPUT 1 "rst";
    .port_info 4 /INPUT 1 "clk";
v0x64532d9a2180_0 .net "D", 4 0, L_0x64532d9a5700;  alias, 1 drivers
v0x64532d9a2280_0 .net "E", 0 0, L_0x64532d96cab0;  alias, 1 drivers
v0x64532d9a2340_0 .var "Q", 4 0;
v0x64532d9a2410_0 .net "clk", 0 0, v0x64532d9a4d70_0;  alias, 1 drivers
v0x64532d9a24e0_0 .net "rst", 0 0, v0x64532d9a51c0_0;  alias, 1 drivers
S_0x64532d9a2cb0 .scope module, "P_salida" "Contador" 3 19, 3 105 0, S_0x64532d975f10;
 .timescale 0 0;
    .port_info 0 /INPUT 1 "E";
    .port_info 1 /INPUT 1 "rst";
    .port_info 2 /INPUT 1 "clk";
    .port_info 3 /OUTPUT 5 "puntero";
L_0x64532d96cdf0 .functor BUFZ 5, v0x64532d9a3400_0, C4<00000>, C4<00000>, C4<00000>;
v0x64532d9a3730_0 .net "E", 0 0, v0x64532d9a5120_0;  alias, 1 drivers
L_0x7dd34eb20018 .functor BUFT 1, C4<00001>, C4<0>, C4<0>, C4<0>;
v0x64532d9a3840_0 .net/2u *"_ivl_0", 4 0, L_0x7dd34eb20018;  1 drivers
v0x64532d9a3920_0 .net "clk", 0 0, v0x64532d9a4d70_0;  alias, 1 drivers
v0x64532d9a3a50_0 .net "in", 4 0, L_0x64532d9a54e0;  1 drivers
v0x64532d9a3af0_0 .net "out", 4 0, v0x64532d9a3400_0;  1 drivers
v0x64532d9a3b90_0 .net "puntero", 4 0, L_0x64532d96cdf0;  alias, 1 drivers
v0x64532d9a3c50_0 .net "rst", 0 0, v0x64532d9a51c0_0;  alias, 1 drivers
L_0x64532d9a54e0 .arith/sum 5, v0x64532d9a3400_0, L_0x7dd34eb20018;
S_0x64532d9a2f50 .scope module, "FF_contador" "FFD" 3 117, 3 83 0, S_0x64532d9a2cb0;
 .timescale 0 0;
    .port_info 0 /INPUT 5 "D";
    .port_info 1 /OUTPUT 5 "Q";
    .port_info 2 /INPUT 1 "E";
    .port_info 3 /INPUT 1 "rst";
    .port_info 4 /INPUT 1 "clk";
v0x64532d9a3210_0 .net "D", 4 0, L_0x64532d9a54e0;  alias, 1 drivers
v0x64532d9a3310_0 .net "E", 0 0, v0x64532d9a5120_0;  alias, 1 drivers
v0x64532d9a3400_0 .var "Q", 4 0;
v0x64532d9a34d0_0 .net "clk", 0 0, v0x64532d9a4d70_0;  alias, 1 drivers
v0x64532d9a3570_0 .net "rst", 0 0, v0x64532d9a51c0_0;  alias, 1 drivers
    .scope S_0x64532d9a2f50;
T_0 ;
    %wait E_0x64532d978f20;
    %load/vec4 v0x64532d9a3570_0;
    %nor/r;
    %flag_set/vec4 8;
    %jmp/0xz  T_0.0, 8;
    %pushi/vec4 0, 0, 5;
    %assign/vec4 v0x64532d9a3400_0, 0;
    %jmp T_0.1;
T_0.0 ;
    %load/vec4 v0x64532d9a3310_0;
    %flag_set/vec4 8;
    %jmp/0xz  T_0.2, 8;
    %load/vec4 v0x64532d9a3210_0;
    %assign/vec4 v0x64532d9a3400_0, 0;
T_0.2 ;
T_0.1 ;
    %jmp T_0;
    .thread T_0;
    .scope S_0x64532d9a1ef0;
T_1 ;
    %wait E_0x64532d978f20;
    %load/vec4 v0x64532d9a24e0_0;
    %nor/r;
    %flag_set/vec4 8;
    %jmp/0xz  T_1.0, 8;
    %pushi/vec4 0, 0, 5;
    %assign/vec4 v0x64532d9a2340_0, 0;
    %jmp T_1.1;
T_1.0 ;
    %load/vec4 v0x64532d9a2280_0;
    %flag_set/vec4 8;
    %jmp/0xz  T_1.2, 8;
    %load/vec4 v0x64532d9a2180_0;
    %assign/vec4 v0x64532d9a2340_0, 0;
T_1.2 ;
T_1.1 ;
    %jmp T_1;
    .thread T_1;
    .scope S_0x64532d9760f0;
T_2 ;
    %wait E_0x64532d978f20;
    %load/vec4 v0x64532d9a1b10_0;
    %flag_set/vec4 8;
    %jmp/0xz  T_2.0, 8;
    %load/vec4 v0x64532d983df0_0;
    %load/vec4 v0x64532d9a1a30_0;
    %pad/u 6;
    %ix/vec4 3;
    %ix/load 4, 0, 0; Constant delay
    %assign/vec4/a/d v0x64532d964880, 0, 4;
T_2.0 ;
    %jmp T_2;
    .thread T_2;
    .scope S_0x64532d966b20;
T_3 ;
    %delay 5000, 0;
    %load/vec4 v0x64532d9a4d70_0;
    %inv;
    %store/vec4 v0x64532d9a4d70_0, 0, 1;
    %jmp T_3;
    .thread T_3;
    .scope S_0x64532d966b20;
T_4 ;
    %pushi/vec4 0, 0, 1;
    %store/vec4 v0x64532d9a4d70_0, 0, 1;
    %pushi/vec4 0, 0, 1;
    %store/vec4 v0x64532d9a51c0_0, 0, 1;
    %pushi/vec4 0, 0, 1;
    %store/vec4 v0x64532d9a5260_0, 0, 1;
    %pushi/vec4 0, 0, 1;
    %store/vec4 v0x64532d9a5120_0, 0, 1;
    %pushi/vec4 0, 0, 8;
    %store/vec4 v0x64532d9a4e30_0, 0, 8;
    %delay 15000, 0;
    %pushi/vec4 1, 0, 1;
    %store/vec4 v0x64532d9a51c0_0, 0, 1;
    %delay 10000, 0;
    %vpi_call 2 48 "$display", "=== INICIO DE ESCRITURA ===" {0 0 0};
    %wait E_0x64532d979d60;
    %pushi/vec4 1, 0, 1;
    %store/vec4 v0x64532d9a5260_0, 0, 1;
    %pushi/vec4 1, 0, 8;
    %store/vec4 v0x64532d9a4e30_0, 0, 8;
    %wait E_0x64532d979d60;
    %pushi/vec4 2, 0, 8;
    %store/vec4 v0x64532d9a4e30_0, 0, 8;
    %wait E_0x64532d979d60;
    %pushi/vec4 3, 0, 8;
    %store/vec4 v0x64532d9a4e30_0, 0, 8;
    %wait E_0x64532d979d60;
    %pushi/vec4 4, 0, 8;
    %store/vec4 v0x64532d9a4e30_0, 0, 8;
    %wait E_0x64532d979d60;
    %pushi/vec4 5, 0, 8;
    %store/vec4 v0x64532d9a4e30_0, 0, 8;
    %wait E_0x64532d979d60;
    %pushi/vec4 6, 0, 8;
    %store/vec4 v0x64532d9a4e30_0, 0, 8;
    %wait E_0x64532d979d60;
    %pushi/vec4 7, 0, 8;
    %store/vec4 v0x64532d9a4e30_0, 0, 8;
    %wait E_0x64532d979d60;
    %pushi/vec4 8, 0, 8;
    %store/vec4 v0x64532d9a4e30_0, 0, 8;
    %wait E_0x64532d979d60;
    %pushi/vec4 9, 0, 8;
    %store/vec4 v0x64532d9a4e30_0, 0, 8;
    %wait E_0x64532d979d60;
    %pushi/vec4 10, 0, 8;
    %store/vec4 v0x64532d9a4e30_0, 0, 8;
    %wait E_0x64532d979d60;
    %pushi/vec4 11, 0, 8;
    %store/vec4 v0x64532d9a4e30_0, 0, 8;
    %wait E_0x64532d979d60;
    %pushi/vec4 12, 0, 8;
    %store/vec4 v0x64532d9a4e30_0, 0, 8;
    %wait E_0x64532d979d60;
    %pushi/vec4 13, 0, 8;
    %store/vec4 v0x64532d9a4e30_0, 0, 8;
    %wait E_0x64532d979d60;
    %pushi/vec4 14, 0, 8;
    %store/vec4 v0x64532d9a4e30_0, 0, 8;
    %wait E_0x64532d979d60;
    %pushi/vec4 15, 0, 8;
    %store/vec4 v0x64532d9a4e30_0, 0, 8;
    %wait E_0x64532d979d60;
    %pushi/vec4 16, 0, 8;
    %store/vec4 v0x64532d9a4e30_0, 0, 8;
    %wait E_0x64532d979d60;
    %pushi/vec4 0, 0, 1;
    %store/vec4 v0x64532d9a5260_0, 0, 1;
    %pushi/vec4 0, 0, 8;
    %store/vec4 v0x64532d9a4e30_0, 0, 8;
    %delay 20000, 0;
    %vpi_call 2 93 "$display", "=== INICIO DE LECTURA ===" {0 0 0};
    %wait E_0x64532d979d60;
    %pushi/vec4 1, 0, 1;
    %store/vec4 v0x64532d9a5120_0, 0, 1;
    %delay 160000, 0;
    %wait E_0x64532d979d60;
    %pushi/vec4 0, 0, 1;
    %store/vec4 v0x64532d9a5120_0, 0, 1;
    %delay 30000, 0;
    %vpi_call 2 105 "$finish" {0 0 0};
    %end;
    .thread T_4;
    .scope S_0x64532d966b20;
T_5 ;
    %vpi_call 2 110 "$dumpfile", "fifo_tb.vcd" {0 0 0};
    %vpi_call 2 111 "$dumpvars", 32'sb00000000000000000000000000000000, S_0x64532d966b20 {0 0 0};
    %end;
    .thread T_5;
# The file index is used to find the file name in the following table.
:file_names 4;
    "N/A";
    "<interactive>";
    "FIFO_tb.v";
    "FIFO.v";
